2026-06-25T01:19:23.577165Z  INFO herdr::logging: herdr starting event="app.startup" subsystem="client" outcome="started" pid=7896
2026-06-25T01:19:23.577241Z  INFO herdr::client: connecting to server path=/home/rem/.config/herdr/herdr-client.sock
2026-06-25T01:19:23.653992Z  INFO herdr::client: handshake succeeded version=14 encoding=SemanticFrame
2026-06-25T01:20:02.137957Z  INFO herdr::logging: herdr starting event="app.startup" subsystem="client" outcome="started" pid=8891
2026-06-25T01:20:02.138032Z  INFO herdr::client: connecting to server path=/home/rem/.config/herdr/herdr-client.sock
2026-06-25T01:20:02.297984Z  INFO herdr::client: handshake succeeded version=14 encoding=SemanticFrame
2026-06-25T01:23:36.604639Z  INFO herdr::logging: herdr starting event="app.startup" subsystem="client" outcome="started" pid=11210
2026-06-25T01:23:36.604779Z  INFO herdr::client: connecting to server path=/home/rem/.config/herdr/herdr-client.sock
2026-06-25T01:23:36.647961Z  INFO herdr::client: handshake succeeded version=14 encoding=SemanticFrame
2026-06-25T01:42:45.404185Z  INFO herdr::logging: herdr starting event="app.startup" subsystem="client" outcome="started" pid=30566
2026-06-25T01:42:45.404354Z  INFO herdr::client: connecting to server path=/home/rem/.config/herdr/herdr-client.sock
2026-06-25T01:42:45.518695Z  INFO herdr::client: handshake succeeded version=14 encoding=SemanticFrame
2026-06-25T02:28:08.985807Z  INFO herdr::logging: herdr starting event="app.startup" subsystem="client" outcome="started" pid=66773
2026-06-25T02:28:08.985977Z  INFO herdr::client: connecting to server path=/home/rem/.config/herdr/herdr-client.sock
2026-06-25T02:28:09.225526Z  INFO herdr::client: handshake succeeded version=14 encoding=SemanticFrame
2026-06-25T02:28:22.512109Z  INFO herdr::logging: herdr exiting event="app.shutdown" subsystem="client" outcome="completed" pid=66773
2026-06-25T02:28:36.626721Z  INFO herdr::logging: herdr starting event="app.startup" subsystem="client" outcome="started" pid=67130
2026-06-25T02:28:36.626909Z  INFO herdr::client: connecting to server path=/home/rem/.config/herdr/herdr-client.sock
2026-06-25T02:28:36.832300Z  INFO herdr::client: handshake succeeded version=14 encoding=SemanticFrame
2026-06-25T10:43:24.981132Z  INFO herdr::logging: herdr exiting event="app.shutdown" subsystem="client" outcome="completed" pid=67130
2026-06-26T02:50:38.360542Z  INFO herdr::logging: herdr starting event="app.startup" subsystem="client" outcome="started" pid=805087
2026-06-26T02:50:38.361070Z  INFO herdr::client: connecting to server path=/home/rem/.config/herdr/herdr-client.sock
2026-06-26T02:50:38.441792Z  INFO herdr::client: handshake succeeded version=14 encoding=SemanticFrame
2026-06-29T06:38:12.821435Z  INFO herdr::logging: herdr starting event="app.startup" subsystem="client" outcome="started" pid=242361
2026-06-29T06:38:12.821745Z  INFO herdr::client: connecting to server path=/home/rem/.config/herdr/herdr-client.sock
2026-06-29T06:38:13.072732Z  INFO herdr::client: handshake succeeded version=14 encoding=SemanticFrame
2026-06-29T07:32:06.085768Z  INFO herdr::logging: herdr starting event="app.startup" subsystem="client" outcome="started" pid=284726
2026-06-29T07:32:06.086067Z  INFO herdr::client: connecting to server path=/home/rem/.config/herdr/herdr-client.sock
2026-06-29T07:32:06.099998Z  INFO herdr::client: handshake succeeded version=14 encoding=SemanticFrame
2026-06-29T09:14:42.999060Z  INFO herdr::logging: herdr starting event="app.startup" subsystem="client" outcome="started" pid=442423
2026-06-29T09:14:42.999618Z  INFO herdr::client: connecting to server path=/home/rem/.config/herdr/herdr-client.sock
2026-06-29T09:14:43.082194Z  INFO herdr::client: handshake succeeded version=14 encoding=SemanticFrame
2026-06-29T09:14:58.139538Z  INFO herdr::logging: herdr exiting event="app.shutdown" subsystem="client" outcome="completed" pid=442423
2026-07-07T06:01:05.875891Z  INFO herdr::logging: herdr starting event="app.startup" subsystem="client" outcome="started" pid=1430320
2026-07-07T06:01:05.876248Z  INFO herdr::client: connecting to server path=/home/rem/.config/herdr/herdr-client.sock
2026-07-07T06:01:06.115946Z  INFO herdr::client: handshake succeeded version=14 encoding=SemanticFrame
2026-07-07T06:28:25.389375Z  INFO herdr::logging: herdr exiting event="app.shutdown" subsystem="client" outcome="completed" pid=1430320
2026-07-09T15:31:02.334780Z  INFO herdr::logging: herdr starting event="app.startup" subsystem="client" outcome="started" pid=1884813
2026-07-09T15:31:02.335275Z  INFO herdr::client: connecting to server path=/home/rem/.config/herdr/herdr-client.sock
2026-07-09T15:31:02.358396Z  INFO herdr::client: handshake succeeded version=14 encoding=SemanticFrame
2026-07-09T15:31:10.703544Z  INFO herdr::logging: herdr exiting event="app.shutdown" subsystem="client" outcome="completed" pid=1884813
2026-07-28T05:03:01.983921Z  INFO herdr::logging: herdr starting event="app.startup" subsystem="client" outcome="started" pid=32617
2026-07-28T05:03:01.984172Z  INFO herdr::client: connecting to server path=/home/rem/.config/herdr/herdr-client.sock
2026-07-28T05:03:02.005736Z  INFO herdr::client: handshake succeeded version=14 encoding=SemanticFrame
2026-07-28T05:22:04.167821Z  INFO herdr::logging: herdr exiting event="app.shutdown" subsystem="client" outcome="completed" pid=32617
2026-07-28T05:22:09.625392Z  INFO herdr::logging: herdr starting event="app.startup" subsystem="client" outcome="started" pid=41382
2026-07-28T05:22:09.625427Z  INFO herdr::client: connecting to server path=/home/rem/.config/herdr/herdr-client.sock
2026-07-28T05:22:09.822723Z  INFO herdr::client: handshake succeeded version=14 encoding=SemanticFrame
2026-07-28T05:22:15.087414Z  INFO herdr::logging: herdr exiting event="app.shutdown" subsystem="client" outcome="completed" pid=41382
2026-07-28T05:23:39.822060Z  INFO herdr::logging: herdr starting event="app.startup" subsystem="client" outcome="started" pid=42426
2026-07-28T05:23:39.822095Z  INFO herdr::client: connecting to server path=/home/rem/.config/herdr/herdr-client.sock
2026-07-28T05:23:39.843086Z  INFO herdr::client: handshake succeeded version=14 encoding=SemanticFrame
2026-07-28T05:24:39.515279Z  INFO herdr::logging: herdr starting event="app.startup" subsystem="client" outcome="started" pid=43204
2026-07-28T05:24:39.515316Z  INFO herdr::client: connecting to server path=/home/rem/.config/herdr/herdr-client.sock
2026-07-28T05:24:39.753017Z  INFO herdr::client: handshake succeeded version=14 encoding=SemanticFrame
2026-07-28T06:21:55.501847Z  INFO herdr::logging: herdr exiting event="app.shutdown" subsystem="client" outcome="completed" pid=43204
2026-07-28T06:22:07.513356Z  INFO herdr::logging: herdr starting event="app.startup" subsystem="client" outcome="started" pid=72940
2026-07-28T06:22:07.513386Z  INFO herdr::client: connecting to server path=/home/rem/.config/herdr/herdr-client.sock
2026-07-28T06:22:07.563387Z  INFO herdr::client: handshake succeeded version=14 encoding=SemanticFrame
2026-07-28T06:22:16.052969Z  INFO herdr::logging: herdr exiting event="app.shutdown" subsystem="client" outcome="completed" pid=72940
2026-07-28T06:22:24.552999Z  INFO herdr::logging: herdr starting event="app.startup" subsystem="client" outcome="started" pid=73241
2026-07-28T06:22:24.553044Z  INFO herdr::client: connecting to server path=/home/rem/.config/herdr/herdr-client.sock
2026-07-28T06:22:24.565577Z  INFO herdr::client: handshake succeeded version=14 encoding=SemanticFrame
2026-07-28T06:25:04.477758Z  INFO herdr::logging: herdr exiting event="app.shutdown" subsystem="client" outcome="completed" pid=73241
2026-07-28T06:25:07.033675Z  INFO herdr::logging: herdr starting event="app.startup" subsystem="client" outcome="started" pid=75118
2026-07-28T06:25:07.033706Z  INFO herdr::client: connecting to server path=/home/rem/.config/herdr/herdr-client.sock
2026-07-28T06:25:07.241311Z  INFO herdr::client: handshake succeeded version=14 encoding=SemanticFrame
2026-07-28T06:54:20.384293Z  INFO herdr::logging: herdr exiting event="app.shutdown" subsystem="client" outcome="completed" pid=75118
2026-07-28T06:54:25.138276Z  INFO herdr::logging: herdr starting event="app.startup" subsystem="client" outcome="started" pid=92232
2026-07-28T06:54:25.138319Z  INFO herdr::client: connecting to server path=/home/rem/.config/herdr/herdr-client.sock
2026-07-28T06:54:25.309546Z  INFO herdr::client: handshake succeeded version=14 encoding=SemanticFrame
2026-07-28T06:54:38.431991Z  INFO herdr::logging: herdr exiting event="app.shutdown" subsystem="client" outcome="completed" pid=92232
2026-07-29T04:48:27.149976Z  INFO herdr::logging: herdr starting event="app.startup" subsystem="client" outcome="started" pid=308005
2026-07-29T04:48:27.150323Z  INFO herdr::client: connecting to server path=/home/rem/.config/herdr/herdr-client.sock
2026-07-29T04:48:27.299698Z  INFO herdr::client: handshake succeeded version=14 encoding=SemanticFrame
2026-07-29T04:59:12.527806Z  INFO herdr::logging: herdr exiting event="app.shutdown" subsystem="client" outcome="completed" pid=308005
2026-07-29T04:59:30.359563Z  INFO herdr::logging: herdr starting event="app.startup" subsystem="client" outcome="started" pid=316455
2026-07-29T04:59:30.359613Z  INFO herdr::client: connecting to server path=/home/rem/.config/herdr/herdr-client.sock
2026-07-29T04:59:30.382596Z  INFO herdr::client: handshake succeeded version=14 encoding=SemanticFrame
2026-07-29T04:59:45.499729Z  INFO herdr::logging: herdr starting event="app.startup" subsystem="client" outcome="started" pid=316665
2026-07-29T04:59:45.499782Z  INFO herdr::client: connecting to server path=/home/rem/.config/herdr/herdr-client.sock
2026-07-29T04:59:45.737187Z  INFO herdr::client: handshake succeeded version=14 encoding=SemanticFrame
2026-07-29T05:02:59.486269Z  INFO herdr::logging: herdr starting event="app.startup" subsystem="client" outcome="started" pid=318987
2026-07-29T05:02:59.486347Z  INFO herdr::client: connecting to server path=/home/rem/.config/herdr/herdr-client.sock
2026-07-29T05:02:59.575577Z  INFO herdr::client: handshake succeeded version=14 encoding=SemanticFrame
2026-07-29T07:01:18.353579Z  INFO herdr::logging: herdr starting event="app.startup" subsystem="client" outcome="started" pid=360904
2026-07-29T07:01:18.353615Z  INFO herdr::client: connecting to server path=/home/rem/.config/herdr/herdr-client.sock
2026-07-29T07:01:18.580700Z  INFO herdr::client: handshake succeeded version=14 encoding=SemanticFrame
2026-07-29T17:11:57.098244Z  INFO herdr::logging: herdr starting event="app.startup" subsystem="client" outcome="started" pid=541287
2026-07-29T17:11:57.098281Z  INFO herdr::client: connecting to server path=/home/rem/.config/herdr/herdr-client.sock
2026-07-29T17:11:57.305232Z  INFO herdr::client: handshake succeeded version=14 encoding=SemanticFrame
2026-07-30T08:15:03.907072Z  INFO herdr::logging: herdr exiting event="app.shutdown" subsystem="client" outcome="completed" pid=541287
2026-07-30T08:15:13.289205Z  INFO herdr::logging: herdr starting event="app.startup" subsystem="client" outcome="started" pid=719553
2026-07-30T08:15:13.289230Z  INFO herdr::client: connecting to server path=/home/rem/.config/herdr/herdr-client.sock
2026-07-30T08:15:13.356686Z  INFO herdr::client: handshake succeeded version=14 encoding=SemanticFrame
2026-08-01T12:23:25.910252Z  INFO herdr::logging: herdr starting event="app.startup" subsystem="client" outcome="started" pid=2293325
2026-08-01T12:23:25.910460Z  INFO herdr::client: connecting to server path=/home/rem/.config/herdr/herdr-client.sock
2026-08-01T12:23:26.135653Z  INFO herdr::client: handshake succeeded version=14 encoding=SemanticFrame
2026-08-03T16:16:09.355074Z  INFO herdr::logging: herdr starting event="app.startup" subsystem="client" outcome="started" pid=49956
2026-08-03T16:16:09.355335Z  INFO herdr::client: connecting to server path=/home/rem/.config/herdr/herdr-client.sock
2026-08-03T16:16:09.595425Z  INFO herdr::client: handshake succeeded version=14 encoding=SemanticFrame
2026-08-03T16:26:10.253066Z  INFO herdr::logging: herdr exiting event="app.shutdown" subsystem="client" outcome="completed" pid=49956
2026-08-03T16:26:13.932597Z  INFO herdr::logging: herdr starting event="app.startup" subsystem="client" outcome="started" pid=55356
2026-08-03T16:26:13.932659Z  INFO herdr::client: connecting to server path=/home/rem/.config/herdr/herdr-client.sock
2026-08-03T16:26:14.148516Z  INFO herdr::client: handshake succeeded version=14 encoding=SemanticFrame
2026-08-03T16:26:18.181617Z  INFO herdr::logging: herdr exiting event="app.shutdown" subsystem="client" outcome="completed" pid=55356
2026-08-23T07:22:08.239644Z  INFO herdr::logging: herdr starting event="app.startup" subsystem="client" outcome="started" pid=719387
2026-08-23T07:22:08.239908Z  INFO herdr::client: connecting to server path=/home/rem/.config/herdr/herdr-client.sock
2026-08-23T07:22:08.483400Z  INFO herdr::client: handshake succeeded version=14 encoding=SemanticFrame
2026-08-23T07:25:04.607854Z  INFO herdr::logging: herdr exiting event="app.shutdown" subsystem="client" outcome="completed" pid=719387
2026-08-27T10:14:16.952284Z  INFO herdr::logging: herdr starting event="app.startup" subsystem="client" outcome="started" pid=607486
2026-08-27T10:14:16.952454Z  INFO herdr::client: connecting to server path=/home/rem/.config/herdr/herdr-client.sock
2026-08-27T10:14:16.964047Z  INFO herdr::client: handshake succeeded version=14 encoding=SemanticFrame
2026-08-28T06:07:18.774996Z  INFO herdr::logging: herdr starting event="app.startup" subsystem="client" outcome="started" pid=1279691
2026-08-28T06:07:18.775103Z  INFO herdr::client: connecting to server path=/home/rem/.config/herdr/herdr-client.sock
2026-08-28T06:07:18.823373Z  INFO herdr::client: handshake succeeded version=14 encoding=SemanticFrame
2026-08-30T04:42:34.836830Z  INFO herdr::logging: herdr starting event="app.startup" subsystem="client" outcome="started" pid=92612
2026-08-30T04:42:34.836869Z  INFO herdr::client: connecting to server path=/home/rem/.config/herdr/herdr-client.sock
2026-08-30T04:42:34.848446Z  INFO herdr::client: handshake succeeded version=14 encoding=SemanticFrame
2026-08-30T05:13:21.535631Z  INFO herdr::logging: herdr starting event="app.startup" subsystem="client" outcome="started" pid=128876
2026-08-30T05:13:21.535657Z  INFO herdr::client: connecting to server path=/home/rem/.config/herdr/herdr-client.sock
2026-08-30T05:13:21.734950Z  INFO herdr::client: handshake succeeded version=14 encoding=SemanticFrame
2026-08-31T10:21:26.279316Z  INFO herdr::logging: herdr starting event="app.startup" subsystem="client" outcome="started" pid=659173
2026-08-31T10:21:26.279464Z  INFO herdr::client: connecting to server path=/home/rem/.config/herdr/herdr-client.sock
2026-08-31T10:21:26.346175Z  INFO herdr::client: handshake succeeded version=14 encoding=SemanticFrame
2026-08-31T15:46:24.733878Z  INFO herdr::logging: herdr exiting event="app.shutdown" subsystem="client" outcome="completed" pid=659173
2026-08-31T15:46:27.036089Z  INFO herdr::logging: herdr starting event="app.startup" subsystem="client" outcome="started" pid=910592
2026-08-31T15:46:27.036122Z  INFO herdr::client: connecting to server path=/home/rem/.config/herdr/herdr-client.sock
2026-08-31T15:46:27.217759Z  INFO herdr::client: handshake succeeded version=14 encoding=SemanticFrame
2026-09-01T05:34:19.497796Z  INFO herdr::logging: herdr starting event="app.startup" subsystem="client" outcome="started" pid=1605506
2026-09-01T05:34:19.497990Z  INFO herdr::client: connecting to server path=/home/rem/.config/herdr/herdr-client.sock
2026-09-01T05:34:19.664592Z  INFO herdr::client: handshake succeeded version=14 encoding=SemanticFrame
2026-09-01T13:03:40.130581Z  INFO herdr::logging: herdr exiting event="app.shutdown" subsystem="client" outcome="completed" pid=1605506
2026-09-01T13:03:42.255054Z  INFO herdr::logging: herdr starting event="app.startup" subsystem="client" outcome="started" pid=2078234
2026-09-01T13:03:42.255084Z  INFO herdr::client: connecting to server path=/home/rem/.config/herdr/herdr-client.sock
2026-09-01T13:03:42.291649Z  INFO herdr::client: handshake succeeded version=14 encoding=SemanticFrame
2026-09-02T04:06:03.821820Z  INFO herdr::logging: herdr starting event="app.startup" subsystem="client" outcome="started" pid=191033
2026-09-02T04:06:03.822089Z  INFO herdr::client: connecting to server path=/home/rem/.config/herdr/herdr-client.sock
2026-09-02T04:06:03.823483Z  INFO herdr::client: handshake succeeded version=14 encoding=SemanticFrame
2026-09-02T06:17:30.494639Z  INFO herdr::logging: herdr exiting event="app.shutdown" subsystem="client" outcome="completed" pid=191033
2026-09-02T06:17:32.298792Z  INFO herdr::logging: herdr starting event="app.startup" subsystem="client" outcome="started" pid=347866
2026-09-02T06:17:32.298814Z  INFO herdr::client: connecting to server path=/home/rem/.config/herdr/herdr-client.sock
2026-09-02T06:17:32.506974Z  INFO herdr::client: handshake succeeded version=14 encoding=SemanticFrame
2026-09-02T10:02:07.777769Z  INFO herdr::logging: herdr exiting event="app.shutdown" subsystem="client" outcome="completed" pid=347866
2026-09-02T10:02:09.453823Z  INFO herdr::logging: herdr starting event="app.startup" subsystem="client" outcome="started" pid=544497
2026-09-02T10:02:09.453860Z  INFO herdr::client: connecting to server path=/home/rem/.config/herdr/herdr-client.sock
2026-09-02T10:02:09.541367Z  INFO herdr::client: handshake succeeded version=14 encoding=SemanticFrame
2026-09-02T11:46:40.064099Z  INFO herdr::logging: herdr starting event="app.startup" subsystem="client" outcome="started" pid=644615
2026-09-02T11:46:40.064405Z  INFO herdr::client: connecting to server path=/home/rem/.config/herdr/herdr-client.sock
2026-09-02T11:46:40.226830Z  INFO herdr::client: handshake succeeded version=14 encoding=SemanticFrame
2026-09-02T11:46:47.348320Z  INFO herdr::logging: herdr exiting event="app.shutdown" subsystem="client" outcome="completed" pid=644615
2026-09-02T15:02:59.830780Z  INFO herdr::logging: herdr starting event="app.startup" subsystem="client" outcome="started" pid=819534
2026-09-02T15:02:59.831285Z  INFO herdr::client: connecting to server path=/home/rem/.config/herdr/herdr-client.sock
2026-09-02T15:02:59.834034Z  INFO herdr::client: handshake succeeded version=14 encoding=SemanticFrame
2026-09-03T04:27:55.704382Z  INFO herdr::logging: herdr starting event="app.startup" subsystem="client" outcome="started" pid=1417547
2026-09-03T04:27:55.704561Z  INFO herdr::client: connecting to server path=/home/rem/.config/herdr/herdr-client.sock
2026-09-03T04:27:55.901148Z  INFO herdr::client: handshake succeeded version=14 encoding=SemanticFrame
2026-09-03T11:04:43.904209Z  INFO herdr::logging: herdr starting event="app.startup" subsystem="client" outcome="started" pid=1474499
2026-09-03T11:04:43.904371Z  INFO herdr::client: connecting to server path=/home/rem/.config/herdr/herdr-client.sock
2026-09-03T11:04:43.948161Z  INFO herdr::client: handshake succeeded version=14 encoding=SemanticFrame
2026-09-05T15:12:33.137174Z  INFO herdr::logging: herdr starting event="app.startup" subsystem="client" outcome="started" pid=2872227
2026-09-05T15:12:33.137456Z  INFO herdr::client: connecting to server path=/home/rem/.config/herdr/herdr-client.sock
2026-09-05T15:12:33.180712Z  INFO herdr::client: handshake succeeded version=14 encoding=SemanticFrame
2026-09-06T04:20:16.937866Z  INFO herdr::logging: herdr starting event="app.startup" subsystem="client" outcome="started" pid=3059421
2026-09-06T04:20:16.938249Z  INFO herdr::client: connecting to server path=/home/rem/.config/herdr/herdr-client.sock
2026-09-06T04:20:17.012580Z  INFO herdr::client: handshake succeeded version=14 encoding=SemanticFrame
2026-09-06T04:38:01.380204Z  INFO herdr::logging: herdr starting event="app.startup" subsystem="client" outcome="started" pid=3079721
2026-09-06T04:38:01.380939Z  INFO herdr::client: connecting to server path=/home/rem/.config/herdr/herdr-client.sock
2026-09-06T04:38:01.396175Z  INFO herdr::client: handshake succeeded version=14 encoding=SemanticFrame
2026-09-06T04:41:23.460079Z  INFO herdr::logging: herdr starting event="app.startup" subsystem="client" outcome="started" pid=3086198
2026-09-06T04:41:23.460114Z  INFO herdr::client: connecting to server path=/home/rem/.config/herdr/herdr-client.sock
2026-09-06T04:41:23.709285Z  INFO herdr::client: handshake succeeded version=14 encoding=SemanticFrame
2026-09-06T04:43:50.015858Z  INFO herdr::logging: herdr starting event="app.startup" subsystem="client" outcome="started" pid=3089610
2026-09-06T04:43:50.015890Z  INFO herdr::client: connecting to server path=/home/rem/.config/herdr/herdr-client.sock
2026-09-06T04:43:50.173586Z  INFO herdr::client: handshake succeeded version=14 encoding=SemanticFrame
2026-09-06T04:44:59.668369Z  INFO herdr::logging: herdr starting event="app.startup" subsystem="client" outcome="started" pid=3090923
2026-09-06T04:44:59.668409Z  INFO herdr::client: connecting to server path=/home/rem/.config/herdr/herdr-client.sock
2026-09-06T04:44:59.719536Z  INFO herdr::client: handshake succeeded version=14 encoding=SemanticFrame
2026-09-06T05:14:29.578286Z  INFO herdr::logging: herdr starting event="app.startup" subsystem="client" outcome="started" pid=3123605
2026-09-06T05:14:29.578570Z  INFO herdr::client: connecting to server path=/home/rem/.config/herdr/herdr-client.sock
2026-09-06T05:14:29.597379Z  INFO herdr::client: handshake succeeded version=14 encoding=SemanticFrame
2026-09-06T05:30:43.889529Z  INFO herdr::logging: herdr starting event="app.startup" subsystem="client" outcome="started" pid=3143911
2026-09-06T05:30:43.889568Z  INFO herdr::client: connecting to server path=/home/rem/.config/herdr/herdr-client.sock
2026-09-06T05:30:44.031602Z  INFO herdr::client: handshake succeeded version=14 encoding=SemanticFrame
2026-09-06T06:42:06.665199Z  INFO herdr::logging: herdr starting event="app.startup" subsystem="client" outcome="started" pid=3243504
2026-09-06T06:42:06.665223Z  INFO herdr::client: connecting to server path=/home/rem/.config/herdr/herdr-client.sock
2026-09-06T06:42:06.670258Z  INFO herdr::client: handshake succeeded version=14 encoding=SemanticFrame
2026-09-06T06:42:07.465455Z  INFO herdr::logging: herdr starting event="app.startup" subsystem="client" outcome="started" pid=3243814
2026-09-06T06:42:07.465477Z  INFO herdr::client: connecting to server path=/home/rem/.config/herdr/herdr-client.sock
2026-09-06T06:42:07.471841Z  INFO herdr::client: handshake succeeded version=14 encoding=SemanticFrame
2026-09-06T06:42:07.596263Z  INFO herdr::logging: herdr starting event="app.startup" subsystem="client" outcome="started" pid=3243971
2026-09-06T06:42:07.596307Z  INFO herdr::client: connecting to server path=/home/rem/.config/herdr/herdr-client.sock
2026-09-06T06:42:07.601216Z  INFO herdr::client: handshake succeeded version=14 encoding=SemanticFrame
2026-09-06T06:42:07.772699Z  INFO herdr::logging: herdr starting event="app.startup" subsystem="client" outcome="started" pid=3244004
2026-09-06T06:42:07.772728Z  INFO herdr::client: connecting to server path=/home/rem/.config/herdr/herdr-client.sock
2026-09-06T06:42:07.775260Z  INFO herdr::client: handshake succeeded version=14 encoding=SemanticFrame
2026-09-06T06:42:14.766115Z  INFO herdr::logging: herdr starting event="app.startup" subsystem="client" outcome="started" pid=3245218
2026-09-06T06:42:14.766156Z  INFO herdr::client: connecting to server path=/home/rem/.config/herdr/herdr-client.sock
2026-09-06T06:42:14.797369Z  INFO herdr::client: handshake succeeded version=14 encoding=SemanticFrame
2026-09-06T06:50:07.853840Z  INFO herdr::logging: herdr starting event="app.startup" subsystem="client" outcome="started" pid=3263412
2026-09-06T06:50:07.853872Z  INFO herdr::client: connecting to server path=/home/rem/.config/herdr/herdr-client.sock
2026-09-06T06:50:07.905289Z  INFO herdr::client: handshake succeeded version=14 encoding=SemanticFrame
2026-09-06T07:10:37.036767Z  INFO herdr::logging: herdr starting event="app.startup" subsystem="client" outcome="started" pid=3295422
2026-09-06T07:10:37.036806Z  INFO herdr::client: connecting to server path=/home/rem/.config/herdr/herdr-client.sock
2026-09-06T07:10:37.136904Z  INFO herdr::client: handshake succeeded version=14 encoding=SemanticFrame
2026-09-08T13:24:45.945411Z  INFO herdr::logging: herdr starting event="app.startup" subsystem="client" outcome="started" pid=128527
2026-09-08T13:24:45.945670Z  INFO herdr::client: connecting to server path=/home/rem/.config/herdr/herdr-client.sock
2026-09-08T13:24:45.958465Z  INFO herdr::client: handshake succeeded version=14 encoding=SemanticFrame
2026-09-08T15:59:30.683607Z  INFO herdr::logging: herdr starting event="app.startup" subsystem="client" outcome="started" pid=168430
2026-09-08T15:59:30.683653Z  INFO herdr::client: connecting to server path=/home/rem/.config/herdr/herdr-client.sock
2026-09-08T15:59:30.684799Z  INFO herdr::client: handshake succeeded version=14 encoding=SemanticFrame
2026-09-08T16:00:24.662656Z  INFO herdr::logging: herdr exiting event="app.shutdown" subsystem="client" outcome="completed" pid=168430
2026-09-08T16:01:13.496859Z  INFO herdr::logging: herdr starting event="app.startup" subsystem="client" outcome="started" pid=170658
2026-09-08T16:01:13.496897Z  INFO herdr::client: connecting to server path=/home/rem/.config/herdr/herdr-client.sock
2026-09-08T16:01:13.548977Z  INFO herdr::client::handshake: endpoint handshake succeeded generation=1 server_version=0.9.0
2026-09-09T05:41:03.699563Z  INFO herdr::logging: herdr exiting event="app.shutdown" subsystem="client" outcome="completed" pid=170658
2026-09-09T08:16:10.648713Z  INFO herdr::logging: herdr starting event="app.startup" subsystem="client" outcome="started" pid=359035
2026-09-09T08:16:10.648739Z  INFO herdr::client: connecting to server path=/home/rem/.config/herdr/herdr-client.sock
2026-09-09T08:16:10.810292Z  INFO herdr::client::handshake: endpoint handshake succeeded generation=1 server_version=0.9.0
2026-09-09T08:37:22.576174Z  INFO herdr::logging: herdr starting event="app.startup" subsystem="client" outcome="started" pid=367847
2026-09-09T08:37:22.576268Z  INFO herdr::client: connecting to server path=/home/rem/.config/herdr/herdr-client.sock
2026-09-09T08:37:22.633000Z  INFO herdr::client::handshake: endpoint handshake succeeded generation=1 server_version=0.9.0
2026-09-09T08:37:28.731119Z  INFO herdr::logging: herdr exiting event="app.shutdown" subsystem="client" outcome="completed" pid=367847
2026-09-09T08:37:35.029605Z  INFO herdr::logging: herdr exiting event="app.shutdown" subsystem="client" outcome="completed" pid=359035
2026-09-09T08:37:39.572461Z  INFO herdr::logging: herdr starting event="app.startup" subsystem="client" outcome="started" pid=368001
2026-09-09T08:37:39.572495Z  INFO herdr::client: connecting to server path=/home/rem/.config/herdr/herdr-client.sock
2026-09-09T08:37:39.653538Z  INFO herdr::client::handshake: endpoint handshake succeeded generation=1 server_version=0.9.0
2026-09-09T10:48:26.924106Z  INFO herdr::logging: herdr starting event="app.startup" subsystem="client" outcome="started" pid=447642
2026-09-09T10:48:26.924475Z  INFO herdr::client: connecting to server path=/home/rem/.config/herdr/herdr-client.sock
2026-09-09T10:48:27.015276Z  INFO herdr::client::handshake: endpoint handshake succeeded generation=1 server_version=0.9.0
2026-09-09T10:48:29.920631Z  INFO herdr::client: client terminal unavailable; detaching err=I/O error (os error 5)
2026-09-09T10:48:29.922908Z  INFO herdr::logging: herdr exiting event="app.shutdown" subsystem="client" outcome="completed" pid=447642
2026-09-09T11:00:36.432553Z  INFO herdr::client: client terminal unavailable; detaching err=I/O error (os error 5)
2026-09-09T11:00:36.433346Z  INFO herdr::logging: herdr exiting event="app.shutdown" subsystem="client" outcome="completed" pid=368001
2026-09-09T11:03:08.911054Z  INFO herdr::logging: herdr starting event="app.startup" subsystem="client" outcome="started" pid=3900
2026-09-09T11:03:08.911437Z  INFO herdr::client: connecting to server path=/home/rem/.config/herdr/herdr-client.sock
2026-09-09T11:03:08.972264Z  INFO herdr::client::handshake: endpoint handshake succeeded generation=1 server_version=0.9.0
2026-09-09T12:22:09.954140Z  INFO herdr::logging: herdr exiting event="app.shutdown" subsystem="client" outcome="completed" pid=3900
2026-09-09T12:23:07.803643Z  INFO herdr::logging: herdr starting event="app.startup" subsystem="client" outcome="started" pid=405231
2026-09-09T12:23:07.803672Z  INFO herdr::client: connecting to server path=/home/rem/.config/herdr/herdr-client.sock
2026-09-09T12:23:07.909959Z  INFO herdr::client::handshake: endpoint handshake succeeded generation=1 server_version=0.9.0
2026-09-09T12:25:44.456231Z  INFO herdr::client: client terminal unavailable; detaching err=I/O error (os error 5)
2026-09-09T12:25:44.457040Z  INFO herdr::logging: herdr exiting event="app.shutdown" subsystem="client" outcome="completed" pid=405231
2026-09-09T12:26:51.412781Z  INFO herdr::logging: herdr starting event="app.startup" subsystem="client" outcome="started" pid=409533
2026-09-09T12:26:51.412811Z  INFO herdr::client: connecting to server path=/home/rem/.config/herdr/herdr-client.sock
2026-09-09T12:26:51.611152Z  INFO herdr::client::handshake: endpoint handshake succeeded generation=1 server_version=0.9.0
2026-09-09T12:28:45.870867Z  INFO herdr::logging: herdr exiting event="app.shutdown" subsystem="client" outcome="completed" pid=409533
2026-09-09T13:46:01.597016Z  INFO herdr::logging: herdr starting event="app.startup" subsystem="client" outcome="started" pid=671578
2026-09-09T13:46:01.597441Z  INFO herdr::client: connecting to server path=/home/rem/.config/herdr/herdr-client.sock
2026-09-09T13:46:01.800472Z  INFO herdr::client::handshake: endpoint handshake succeeded generation=1 server_version=0.9.0
2026-09-09T13:59:54.389001Z  INFO herdr::logging: herdr starting event="app.startup" subsystem="client" outcome="started" pid=835705
2026-09-09T13:59:54.389317Z  INFO herdr::client: connecting to server path=/home/rem/.config/herdr/herdr-client.sock
2026-09-09T13:59:54.471190Z  INFO herdr::client::handshake: endpoint handshake succeeded generation=1 server_version=0.9.0
2026-09-09T14:17:47.100101Z  INFO herdr::client: client terminal unavailable; detaching err=I/O error (os error 5)
2026-09-09T14:17:47.102111Z  INFO herdr::logging: herdr exiting event="app.shutdown" subsystem="client" outcome="completed" pid=835705
2026-09-10T05:14:43.111243Z  INFO herdr::logging: herdr starting event="app.startup" subsystem="client" outcome="started" pid=1839940
2026-09-10T05:14:43.111719Z  INFO herdr::client: connecting to server path=/home/rem/.config/herdr/herdr-client.sock
2026-09-10T05:14:43.277595Z  INFO herdr::client::handshake: endpoint handshake succeeded generation=1 server_version=0.9.0
2026-09-10T05:14:45.483200Z  INFO herdr::logging: herdr exiting event="app.shutdown" subsystem="client" outcome="completed" pid=1839940
2026-09-10T07:40:28.029386Z  INFO herdr::logging: herdr exiting event="app.shutdown" subsystem="client" outcome="completed" pid=671578
2026-09-10T07:40:32.199510Z  INFO herdr::logging: herdr starting event="app.startup" subsystem="client" outcome="started" pid=1975055
2026-09-10T07:40:32.199554Z  INFO herdr::client: connecting to server path=/home/rem/.config/herdr/herdr-client.sock
2026-09-10T07:40:32.327224Z  INFO herdr::client::handshake: endpoint handshake succeeded generation=1 server_version=0.9.0
2026-09-10T07:40:36.960027Z  INFO herdr::logging: herdr exiting event="app.shutdown" subsystem="client" outcome="completed" pid=1975055
2026-09-10T07:40:40.637715Z  INFO herdr::logging: herdr starting event="app.startup" subsystem="client" outcome="started" pid=1975687
2026-09-10T07:40:40.637766Z  INFO herdr::client: connecting to server path=/home/rem/.config/herdr/herdr-client.sock
2026-09-10T07:40:40.839517Z  INFO herdr::client::handshake: endpoint handshake succeeded generation=1 server_version=0.9.0
2026-09-10T14:42:37.994085Z  INFO herdr::client: client terminal unavailable; detaching err=I/O error (os error 5)
2026-09-10T14:42:37.998507Z  INFO herdr::logging: herdr exiting event="app.shutdown" subsystem="client" outcome="completed" pid=1975687
2026-09-11T04:51:54.702781Z  INFO herdr::logging: herdr starting event="app.startup" subsystem="client" outcome="started" pid=3321444
2026-09-11T04:51:54.703553Z  INFO herdr::client: connecting to server path=/home/rem/.config/herdr/herdr-client.sock
2026-09-11T04:51:54.727653Z  INFO herdr::client::handshake: endpoint handshake succeeded generation=1 server_version=0.9.0
2026-09-11T04:51:59.760632Z  INFO herdr::logging: herdr exiting event="app.shutdown" subsystem="client" outcome="completed" pid=3321444
2026-09-11T04:52:04.201896Z  INFO herdr::logging: herdr starting event="app.startup" subsystem="client" outcome="started" pid=3322321
2026-09-11T04:52:04.201939Z  INFO herdr::client: connecting to server path=/home/rem/.config/herdr/herdr-client.sock
2026-09-11T04:52:04.241936Z  INFO herdr::client::handshake: endpoint handshake succeeded generation=1 server_version=0.9.0
2026-09-11T12:46:06.156755Z  INFO herdr::client: client terminal unavailable; detaching err=I/O error (os error 5)
2026-09-11T12:46:06.160411Z  INFO herdr::logging: herdr exiting event="app.shutdown" subsystem="client" outcome="completed" pid=3322321
2026-09-11T12:49:25.912485Z  INFO herdr::logging: herdr starting event="app.startup" subsystem="client" outcome="started" pid=3937380
2026-09-11T12:49:25.912542Z  INFO herdr::client: connecting to server path=/home/rem/.config/herdr/herdr-client.sock
2026-09-11T12:49:26.087941Z  INFO herdr::client::handshake: endpoint handshake succeeded generation=1 server_version=0.9.0
2026-09-11T12:51:39.632275Z  INFO herdr::client: client terminal unavailable; detaching err=I/O error (os error 5)
2026-09-11T12:51:39.634632Z  INFO herdr::logging: herdr exiting event="app.shutdown" subsystem="client" outcome="completed" pid=3937380
2026-09-11T17:02:45.682929Z  INFO herdr::logging: herdr starting event="app.startup" subsystem="client" outcome="started" pid=34332
2026-09-11T17:02:45.682991Z  INFO herdr::client: connecting to server path=/home/rem/.config/herdr/herdr-client.sock
2026-09-11T17:02:45.886706Z  INFO herdr::client::handshake: endpoint handshake succeeded generation=1 server_version=0.9.0
2026-09-11T18:08:57.381077Z  INFO herdr::logging: herdr exiting event="app.shutdown" subsystem="client" outcome="completed" pid=34332
2026-09-11T18:10:16.946367Z  INFO herdr::logging: herdr starting event="app.startup" subsystem="client" outcome="started" pid=4081
2026-09-11T18:10:16.946665Z  INFO herdr::client: connecting to server path=/home/rem/.config/herdr/herdr-client.sock
2026-09-11T18:10:16.953725Z  INFO herdr::client::handshake: endpoint handshake succeeded generation=1 server_version=0.9.0
2026-09-12T07:42:26.627311Z  INFO herdr::client: client terminal unavailable; detaching err=I/O error (os error 5)
2026-09-12T07:42:26.629823Z  INFO herdr::logging: herdr exiting event="app.shutdown" subsystem="client" outcome="completed" pid=4081
2026-09-12T10:24:12.642910Z  INFO herdr::logging: herdr starting event="app.startup" subsystem="client" outcome="started" pid=1438254
2026-09-12T10:24:12.643154Z  INFO herdr::client: connecting to server path=/home/rem/.config/herdr/herdr-client.sock
2026-09-12T10:24:12.858132Z  INFO herdr::client::handshake: endpoint handshake succeeded generation=1 server_version=0.9.0
2026-09-12T16:17:25.526080Z  INFO herdr::client: client terminal unavailable; detaching err=I/O error (os error 5)
2026-09-12T16:17:25.528599Z  INFO herdr::logging: herdr exiting event="app.shutdown" subsystem="client" outcome="completed" pid=1438254
2026-09-13T05:54:29.881612Z  INFO herdr::logging: herdr starting event="app.startup" subsystem="client" outcome="started" pid=3021352
2026-09-13T05:54:29.886911Z  INFO herdr::client: connecting to server path=/home/rem/.config/herdr/herdr-client.sock
2026-09-13T05:54:30.138457Z  INFO herdr::client::handshake: endpoint handshake succeeded generation=1 server_version=0.9.0
2026-09-13T06:19:42.142222Z  INFO herdr::logging: herdr exiting event="app.shutdown" subsystem="client" outcome="completed" pid=3021352
2026-09-13T07:18:55.563189Z  INFO herdr::logging: herdr starting event="app.startup" subsystem="client" outcome="started" pid=3102285
2026-09-13T07:18:55.563658Z  INFO herdr::client: connecting to server path=/home/rem/.config/herdr/herdr-client.sock
2026-09-13T07:18:55.675132Z  INFO herdr::client::handshake: endpoint handshake succeeded generation=1 server_version=0.9.0
2026-09-13T08:47:55.146155Z  INFO herdr::client: client terminal unavailable; detaching err=I/O error (os error 5)
2026-09-13T08:47:55.147263Z  INFO herdr::logging: herdr exiting event="app.shutdown" subsystem="client" outcome="completed" pid=3102285
2026-09-13T11:28:00.305448Z  INFO herdr::logging: herdr starting event="app.startup" subsystem="client" outcome="started" pid=3237744
2026-09-13T11:28:00.306302Z  INFO herdr::client: connecting to server path=/home/rem/.config/herdr/herdr-client.sock
2026-09-13T11:28:00.554716Z  INFO herdr::client::handshake: endpoint handshake succeeded generation=1 server_version=0.9.0
2026-09-14T06:28:41.101395Z  INFO herdr::logging: herdr exiting event="app.shutdown" subsystem="client" outcome="completed" pid=3237744
2026-09-14T06:59:05.033059Z  INFO herdr::logging: herdr starting event="app.startup" subsystem="client" outcome="started" pid=3638609
2026-09-14T06:59:05.033142Z  INFO herdr::client: connecting to server path=/home/rem/.config/herdr/herdr-client.sock
2026-09-14T06:59:05.041291Z  INFO herdr::client::handshake: endpoint handshake succeeded generation=1 server_version=0.9.0
2026-09-14T07:39:11.791220Z  INFO herdr::logging: herdr starting event="app.startup" subsystem="client" outcome="started" pid=3690252
2026-09-14T07:39:11.791608Z  INFO herdr::client: connecting to server path=/home/rem/.config/herdr/herdr-client.sock
2026-09-14T07:39:11.826712Z  INFO herdr::client::handshake: endpoint handshake succeeded generation=1 server_version=0.9.0
2026-09-14T08:48:29.224133Z  INFO herdr::logging: herdr exiting event="app.shutdown" subsystem="client" outcome="completed" pid=3690252
2026-09-14T09:47:45.274722Z  INFO herdr::logging: herdr exiting event="app.shutdown" subsystem="client" outcome="completed" pid=3638609
2026-09-14T09:49:12.463700Z  INFO herdr::logging: herdr starting event="app.startup" subsystem="client" outcome="started" pid=4435
2026-09-14T09:49:12.464151Z  INFO herdr::client: connecting to server path=/home/rem/.config/herdr/herdr-client.sock
2026-09-14T09:49:12.574800Z  INFO herdr::client::handshake: endpoint handshake succeeded generation=1 server_version=0.9.0
2026-09-14T09:49:51.631223Z  INFO herdr::logging: herdr exiting event="app.shutdown" subsystem="client" outcome="completed" pid=4435
2026-09-14T10:01:53.560814Z  INFO herdr::logging: herdr starting event="app.startup" subsystem="client" outcome="started" pid=18949
2026-09-14T10:01:53.560849Z  INFO herdr::client: connecting to server path=/home/rem/.config/herdr/herdr-client.sock
2026-09-14T10:01:53.669200Z  INFO herdr::client::handshake: endpoint handshake succeeded generation=1 server_version=0.9.0
2026-09-14T10:50:47.800346Z  INFO herdr::client: client terminal unavailable; detaching err=I/O error (os error 5)
2026-09-14T10:50:47.801543Z  INFO herdr::logging: herdr exiting event="app.shutdown" subsystem="client" outcome="completed" pid=18949
2026-09-14T10:50:50.661536Z  INFO herdr::logging: herdr starting event="app.startup" subsystem="client" outcome="started" pid=75385
2026-09-14T10:50:50.661565Z  INFO herdr::client: connecting to server path=/home/rem/.config/herdr/herdr-client.sock
2026-09-14T10:50:50.671073Z  INFO herdr::client::handshake: endpoint handshake succeeded generation=1 server_version=0.9.0
2026-09-14T10:52:06.860381Z  INFO herdr::logging: herdr exiting event="app.shutdown" subsystem="client" outcome="completed" pid=75385
2026-09-14T10:52:10.729118Z  INFO herdr::logging: herdr starting event="app.startup" subsystem="client" outcome="started" pid=79383
2026-09-14T10:52:10.729140Z  INFO herdr::client: connecting to server path=/home/rem/.config/herdr/herdr-client.sock
2026-09-14T10:52:10.785992Z  INFO herdr::client::handshake: endpoint handshake succeeded generation=1 server_version=0.9.0
2026-09-14T10:52:12.891228Z  INFO herdr::client: client terminal unavailable; detaching err=I/O error (os error 5)
2026-09-14T10:52:12.892077Z  INFO herdr::logging: herdr exiting event="app.shutdown" subsystem="client" outcome="completed" pid=79383
2026-09-14T13:26:18.215173Z  INFO herdr::logging: herdr starting event="app.startup" subsystem="client" outcome="started" pid=200759
2026-09-14T13:26:18.215905Z  INFO herdr::client: connecting to server path=/home/rem/.config/herdr/herdr-client.sock
2026-09-14T13:26:18.288157Z  INFO herdr::client::handshake: endpoint handshake succeeded generation=1 server_version=0.9.0
2026-09-15T01:56:27.924664Z  INFO herdr::logging: herdr exiting event="app.shutdown" subsystem="client" outcome="completed" pid=200759
2026-09-15T05:13:21.425956Z  INFO herdr::logging: herdr starting event="app.startup" subsystem="client" outcome="started" pid=1008880
2026-09-15T05:13:21.425978Z  INFO herdr::client: connecting to server path=/home/rem/.config/herdr/herdr-client.sock
2026-09-15T05:13:21.489859Z  INFO herdr::client::handshake: endpoint handshake succeeded generation=1 server_version=0.9.0
2026-09-16T05:36:53.388348Z  INFO herdr::logging: herdr starting event="app.startup" subsystem="client" outcome="started" pid=2264894
2026-09-16T05:36:53.389110Z  INFO herdr::client: connecting to server path=/home/rem/.config/herdr/herdr-client.sock
2026-09-16T05:36:53.423611Z  INFO herdr::client::handshake: endpoint handshake succeeded generation=1 server_version=0.9.0
2026-09-16T05:38:29.048460Z  INFO herdr::logging: herdr starting event="app.startup" subsystem="client" outcome="started" pid=2266804
2026-09-16T05:38:29.048478Z  INFO herdr::client: connecting to server path=/home/rem/.config/herdr/herdr-client.sock
2026-09-16T05:38:29.055262Z  INFO herdr::client::handshake: endpoint handshake succeeded generation=1 server_version=0.9.0
2026-09-16T08:41:24.739283Z  INFO herdr::logging: herdr exiting event="app.shutdown" subsystem="client" outcome="completed" pid=1008880
2026-09-16T15:30:51.073971Z  INFO herdr::client: client terminal unavailable; detaching err=I/O error (os error 5)
2026-09-16T15:30:51.075922Z  INFO herdr::logging: herdr exiting event="app.shutdown" subsystem="client" outcome="completed" pid=2264894
2026-09-17T15:37:54.667263Z  INFO herdr::logging: herdr exiting event="app.shutdown" subsystem="client" outcome="completed" pid=2266804
2026-09-18T05:03:56.983238Z  INFO herdr::logging: herdr starting event="app.startup" subsystem="client" outcome="started" pid=506552
2026-09-18T05:03:56.984654Z  INFO herdr::client: connecting to server path=/home/rem/.config/herdr/herdr-client.sock
2026-09-18T05:03:57.023475Z  INFO herdr::client::handshake: endpoint handshake succeeded generation=1 server_version=0.9.0
2026-09-18T05:04:07.997747Z  INFO herdr::logging: herdr exiting event="app.shutdown" subsystem="client" outcome="completed" pid=506552
2026-09-18T05:06:11.680257Z  INFO herdr::logging: herdr starting event="app.startup" subsystem="client" outcome="started" pid=512213
2026-09-18T05:06:11.680285Z  INFO herdr::client: connecting to server path=/home/rem/.config/herdr/herdr-client.sock
2026-09-18T05:06:11.884258Z  INFO herdr::client::handshake: endpoint handshake succeeded generation=1 server_version=0.9.0
2026-09-18T05:20:30.263799Z  INFO herdr::logging: herdr exiting event="app.shutdown" subsystem="client" outcome="completed" pid=512213
2026-09-18T05:20:31.092462Z  INFO herdr::logging: herdr starting event="app.startup" subsystem="client" outcome="started" pid=531173
2026-09-18T05:20:31.092484Z  INFO herdr::client: connecting to server path=/home/rem/.config/herdr/herdr-client.sock
2026-09-18T05:20:31.185188Z  INFO herdr::client::handshake: endpoint handshake succeeded generation=1 server_version=0.9.0
2026-09-18T07:22:50.862055Z  INFO herdr::logging: herdr exiting event="app.shutdown" subsystem="client" outcome="completed" pid=531173
2026-09-18T08:02:43.055686Z  INFO herdr::logging: herdr starting event="app.startup" subsystem="client" outcome="started" pid=713147
2026-09-18T08:02:43.055710Z  INFO herdr::client: connecting to server path=/home/rem/.config/herdr/herdr-client.sock
2026-09-18T08:02:43.230053Z  INFO herdr::client::handshake: endpoint handshake succeeded generation=1 server_version=0.9.0
